2026-08-13 17:47:51.936 -06:00 [INF] Iniciando aplicación Convergex
2026-08-13 17:47:54.760 -06:00 [WRN] The query uses the 'First'/'FirstOrDefault' operator without 'OrderBy' and filter operators. This may lead to unpredictable results.
2026-08-13 17:47:54.913 -06:00 [INF] HTTP GET / respondió 200 en 390.1506 ms
2026-08-13 17:47:54.950 -06:00 [INF] HTTP GET /img/logo.png respondió 304 en 128.2697 ms
2026-08-13 17:47:54.971 -06:00 [INF] HTTP GET /js/dashboard.js respondió 200 en 104.7284 ms
2026-08-13 17:47:54.971 -06:00 [INF] HTTP GET /Convergex.Web.styles.css respondió 200 en 149.5904 ms
2026-08-13 17:47:54.971 -06:00 [INF] HTTP GET /js/site.js respondió 200 en 107.3405 ms
2026-08-13 17:47:54.975 -06:00 [INF] HTTP GET /lib/jquery/dist/jquery.min.js respondió 200 en 111.2360 ms
2026-08-13 17:47:54.975 -06:00 [INF] HTTP GET /lib/bootstrap/dist/css/bootstrap.min.css respondió 200 en 153.1955 ms
2026-08-13 17:47:54.975 -06:00 [INF] HTTP GET /css/site.css respondió 200 en 153.1413 ms
2026-08-13 17:47:54.975 -06:00 [INF] HTTP GET /lib/bootstrap/dist/js/bootstrap.bundle.min.js respondió 200 en 110.6876 ms
2026-08-13 17:48:02.701 -06:00 [INF] HTTP GET /CurrencyConversion respondió 200 en 86.8708 ms
2026-08-13 17:48:02.709 -06:00 [INF] HTTP GET /Convergex.Web.styles.css respondió 200 en 1.1602 ms
2026-08-13 17:48:02.709 -06:00 [INF] HTTP GET /lib/jquery-validation/dist/jquery.validate.min.js respondió 200 en 1.1262 ms
2026-08-13 17:48:02.709 -06:00 [INF] HTTP GET /lib/jquery-validation-unobtrusive/dist/jquery.validate.unobtrusive.min.js respondió 200 en 1.1273 ms
2026-08-13 17:48:02.709 -06:00 [INF] HTTP GET /img/logo.png respondió 304 en 1.1925 ms
2026-08-13 17:48:02.711 -06:00 [INF] HTTP GET /css/site.css respondió 200 en 3.8053 ms
2026-08-13 17:48:02.731 -06:00 [INF] HTTP GET /js/site.js respondió 200 en 23.3269 ms
2026-08-13 17:48:02.736 -06:00 [INF] HTTP GET /lib/bootstrap/dist/css/bootstrap.min.css respondió 200 en 28.0330 ms
2026-08-13 17:48:02.736 -06:00 [INF] HTTP GET /lib/jquery/dist/jquery.min.js respondió 200 en 28.1890 ms
2026-08-13 17:48:02.747 -06:00 [INF] HTTP GET /lib/bootstrap/dist/js/bootstrap.bundle.min.js respondió 200 en 38.6443 ms
2026-08-13 17:48:03.629 -06:00 [INF] HTTP GET /Currencies respondió 200 en 16.7421 ms
2026-08-13 17:48:03.636 -06:00 [INF] HTTP GET /img/logo.png respondió 304 en 0.3776 ms
2026-08-13 17:48:03.637 -06:00 [INF] HTTP GET /Convergex.Web.styles.css respondió 200 en 0.7672 ms
2026-08-13 17:48:03.637 -06:00 [INF] HTTP GET /lib/bootstrap/dist/css/bootstrap.min.css respondió 200 en 1.5837 ms
2026-08-13 17:48:03.637 -06:00 [INF] HTTP GET /css/site.css respondió 200 en 0.9984 ms
2026-08-13 17:48:03.637 -06:00 [INF] HTTP GET /js/site.js respondió 200 en 0.3736 ms
2026-08-13 17:48:03.638 -06:00 [INF] HTTP GET /lib/bootstrap/dist/js/bootstrap.bundle.min.js respondió 200 en 0.8564 ms
2026-08-13 17:48:03.637 -06:00 [INF] HTTP GET /lib/jquery/dist/jquery.min.js respondió 200 en 1.1129 ms
2026-08-13 17:48:04.241 -06:00 [INF] HTTP GET /Home respondió 200 en 6.9147 ms
2026-08-13 17:48:04.246 -06:00 [INF] HTTP GET /img/logo.png respondió 304 en 0.2887 ms
2026-08-13 17:48:04.247 -06:00 [INF] HTTP GET /Convergex.Web.styles.css respondió 200 en 0.8322 ms
2026-08-13 17:48:04.247 -06:00 [INF] HTTP GET /lib/jquery/dist/jquery.min.js respondió 200 en 1.1895 ms
2026-08-13 17:48:04.247 -06:00 [INF] HTTP GET /lib/bootstrap/dist/css/bootstrap.min.css respondió 200 en 1.5198 ms
2026-08-13 17:48:04.247 -06:00 [INF] HTTP GET /js/site.js respondió 200 en 0.3635 ms
2026-08-13 17:48:04.247 -06:00 [INF] HTTP GET /css/site.css respondió 200 en 0.9431 ms
2026-08-13 17:48:04.248 -06:00 [INF] HTTP GET /lib/bootstrap/dist/js/bootstrap.bundle.min.js respondió 200 en 0.6306 ms
2026-08-13 17:48:06.222 -06:00 [INF] HTTP GET /History respondió 200 en 23.3201 ms
2026-08-13 17:48:06.227 -06:00 [INF] HTTP GET /img/logo.png respondió 304 en 0.2976 ms
2026-08-13 17:48:06.228 -06:00 [INF] HTTP GET /Convergex.Web.styles.css respondió 200 en 0.6258 ms
2026-08-13 17:48:06.228 -06:00 [INF] HTTP GET /lib/jquery/dist/jquery.min.js respondió 200 en 0.7997 ms
2026-08-13 17:48:06.228 -06:00 [INF] HTTP GET /css/site.css respondió 200 en 0.7350 ms
2026-08-13 17:48:06.229 -06:00 [INF] HTTP GET /js/site.js respondió 200 en 0.3527 ms
2026-08-13 17:48:06.228 -06:00 [INF] HTTP GET /lib/bootstrap/dist/css/bootstrap.min.css respondió 200 en 1.1959 ms
2026-08-13 17:48:06.229 -06:00 [INF] HTTP GET /lib/bootstrap/dist/js/bootstrap.bundle.min.js respondió 200 en 0.5469 ms
2026-08-13 17:48:07.236 -06:00 [INF] HTTP GET /ExchangeRates respondió 200 en 19.2240 ms
2026-08-13 17:48:07.242 -06:00 [INF] HTTP GET /img/logo.png respondió 304 en 0.2964 ms
2026-08-13 17:48:07.242 -06:00 [INF] HTTP GET /Convergex.Web.styles.css respondió 200 en 0.7623 ms
2026-08-13 17:48:07.244 -06:00 [INF] HTTP GET /lib/bootstrap/dist/js/bootstrap.bundle.min.js respondió 200 en 0.6118 ms
2026-08-13 17:48:07.243 -06:00 [INF] HTTP GET /lib/bootstrap/dist/css/bootstrap.min.css respondió 200 en 1.3049 ms
2026-08-13 17:48:07.243 -06:00 [INF] HTTP GET /lib/jquery/dist/jquery.min.js respondió 200 en 0.9739 ms
2026-08-13 17:48:07.242 -06:00 [INF] HTTP GET /css/site.css respondió 200 en 0.8470 ms
2026-08-13 17:48:07.243 -06:00 [INF] HTTP GET /js/site.js respondió 200 en 0.2966 ms
2026-08-13 17:48:07.996 -06:00 [INF] HTTP GET /Reports respondió 200 en 20.1526 ms
2026-08-13 17:48:08.002 -06:00 [INF] HTTP GET /img/logo.png respondió 304 en 0.3416 ms
2026-08-13 17:48:08.003 -06:00 [INF] HTTP GET /lib/jquery/dist/jquery.min.js respondió 200 en 1.3878 ms
2026-08-13 17:48:08.003 -06:00 [INF] HTTP GET /js/site.js respondió 200 en 0.2531 ms
2026-08-13 17:48:08.003 -06:00 [INF] HTTP GET /lib/bootstrap/dist/js/bootstrap.bundle.min.js respondió 200 en 0.8301 ms
2026-08-13 17:48:08.003 -06:00 [INF] HTTP GET /lib/bootstrap/dist/css/bootstrap.min.css respondió 200 en 1.7736 ms
2026-08-13 17:48:08.002 -06:00 [INF] HTTP GET /Convergex.Web.styles.css respondió 200 en 1.0491 ms
2026-08-13 17:48:08.002 -06:00 [INF] HTTP GET /css/site.css respondió 200 en 1.1521 ms
2026-08-13 17:48:08.991 -06:00 [INF] HTTP GET /Reports/Audit respondió 200 en 21.5506 ms
2026-08-13 17:48:08.997 -06:00 [INF] HTTP GET /img/logo.png respondió 304 en 0.5074 ms
2026-08-13 17:48:08.998 -06:00 [INF] HTTP GET /lib/jquery/dist/jquery.min.js respondió 200 en 1.1091 ms
2026-08-13 17:48:09.000 -06:00 [INF] HTTP GET /lib/bootstrap/dist/js/bootstrap.bundle.min.js respondió 200 en 2.1386 ms
2026-08-13 17:48:08.998 -06:00 [INF] HTTP GET /Convergex.Web.styles.css respondió 200 en 0.9394 ms
2026-08-13 17:48:09.000 -06:00 [INF] HTTP GET /lib/bootstrap/dist/css/bootstrap.min.css respondió 200 en 3.2830 ms
2026-08-13 17:48:09.000 -06:00 [INF] HTTP GET /js/site.js respondió 200 en 1.8026 ms
2026-08-13 17:48:08.998 -06:00 [INF] HTTP GET /css/site.css respondió 200 en 1.0927 ms
2026-08-13 17:48:10.023 -06:00 [INF] HTTP GET /Users respondió 200 en 23.3745 ms
2026-08-13 17:48:10.029 -06:00 [INF] HTTP GET /img/logo.png respondió 304 en 0.1855 ms
2026-08-13 17:48:10.029 -06:00 [INF] HTTP GET /Convergex.Web.styles.css respondió 200 en 0.4675 ms
2026-08-13 17:48:10.031 -06:00 [INF] HTTP GET /lib/bootstrap/dist/js/bootstrap.bundle.min.js respondió 200 en 0.8136 ms
2026-08-13 17:48:10.029 -06:00 [INF] HTTP GET /css/site.css respondió 200 en 0.6336 ms
2026-08-13 17:48:10.030 -06:00 [INF] HTTP GET /lib/bootstrap/dist/css/bootstrap.min.css respondió 200 en 1.1047 ms
2026-08-13 17:48:10.029 -06:00 [INF] HTTP GET /lib/jquery/dist/jquery.min.js respondió 200 en 0.7516 ms
2026-08-13 17:48:10.030 -06:00 [INF] HTTP GET /js/site.js respondió 200 en 0.2495 ms
2026-08-13 17:48:11.738 -06:00 [INF] HTTP GET /Account/Profile respondió 200 en 51.2406 ms
2026-08-13 17:48:11.744 -06:00 [INF] HTTP GET /img/logo.png respondió 304 en 0.2418 ms
2026-08-13 17:48:11.744 -06:00 [INF] HTTP GET /Convergex.Web.styles.css respondió 200 en 0.5290 ms
2026-08-13 17:48:11.744 -06:00 [INF] HTTP GET /css/site.css respondió 200 en 0.7093 ms
2026-08-13 17:48:11.745 -06:00 [INF] HTTP GET /lib/jquery/dist/jquery.min.js respondió 200 en 0.8323 ms
2026-08-13 17:48:11.746 -06:00 [INF] HTTP GET /lib/bootstrap/dist/js/bootstrap.bundle.min.js respondió 200 en 0.6868 ms
2026-08-13 17:48:11.746 -06:00 [INF] HTTP GET /js/site.js respondió 200 en 0.2773 ms
2026-08-13 17:48:11.745 -06:00 [INF] HTTP GET /lib/bootstrap/dist/css/bootstrap.min.css respondió 200 en 1.1176 ms
2026-08-13 17:48:11.752 -06:00 [INF] HTTP GET /lib/jquery-validation-unobtrusive/dist/jquery.validate.unobtrusive.min.js respondió 200 en 3.8267 ms
2026-08-13 17:48:11.753 -06:00 [INF] HTTP GET /lib/jquery-validation/dist/jquery.validate.min.js respondió 200 en 5.3206 ms
2026-08-13 17:48:13.359 -06:00 [INF] HTTP GET /Settings respondió 200 en 17.7479 ms
2026-08-13 17:48:13.365 -06:00 [INF] HTTP GET /img/logo.png respondió 304 en 0.1529 ms
2026-08-13 17:48:13.365 -06:00 [INF] HTTP GET /Convergex.Web.styles.css respondió 200 en 0.5152 ms
2026-08-13 17:48:13.366 -06:00 [INF] HTTP GET /js/site.js respondió 200 en 0.2609 ms
2026-08-13 17:48:13.365 -06:00 [INF] HTTP GET /css/site.css respondió 200 en 0.6233 ms
2026-08-13 17:48:13.366 -06:00 [INF] HTTP GET /lib/bootstrap/dist/css/bootstrap.min.css respondió 200 en 1.0739 ms
2026-08-13 17:48:13.366 -06:00 [INF] HTTP GET /lib/bootstrap/dist/js/bootstrap.bundle.min.js respondió 200 en 0.5106 ms
2026-08-13 17:48:13.365 -06:00 [INF] HTTP GET /lib/jquery/dist/jquery.min.js respondió 200 en 0.6654 ms
2026-08-13 17:48:15.115 -06:00 [INF] HTTP GET /Account/Profile respondió 200 en 3.7279 ms
2026-08-13 17:48:15.120 -06:00 [INF] HTTP GET /img/logo.png respondió 304 en 0.1527 ms
2026-08-13 17:48:15.121 -06:00 [INF] HTTP GET /Convergex.Web.styles.css respondió 200 en 0.9969 ms
2026-08-13 17:48:15.121 -06:00 [INF] HTTP GET /css/site.css respondió 200 en 1.0958 ms
2026-08-13 17:48:15.122 -06:00 [INF] HTTP GET /lib/bootstrap/dist/js/bootstrap.bundle.min.js respondió 200 en 0.5432 ms
2026-08-13 17:48:15.122 -06:00 [INF] HTTP GET /lib/jquery-validation/dist/jquery.validate.min.js respondió 200 en 0.4718 ms
2026-08-13 17:48:15.122 -06:00 [INF] HTTP GET /lib/jquery-validation-unobtrusive/dist/jquery.validate.unobtrusive.min.js respondió 200 en 0.3611 ms
2026-08-13 17:48:15.122 -06:00 [INF] HTTP GET /js/site.js respondió 200 en 0.2904 ms
2026-08-13 17:48:15.121 -06:00 [INF] HTTP GET /lib/jquery/dist/jquery.min.js respondió 200 en 1.0860 ms
2026-08-13 17:48:15.121 -06:00 [INF] HTTP GET /lib/bootstrap/dist/css/bootstrap.min.css respondió 200 en 1.4216 ms
